// Jest Snapshot v1, https://goo.gl/fbAQLP

exports[`PeterTest component renders the PeterTest correctly renders correctly 1`] = `
Array [
  <h1
    style={
      Object {
        "fontFamily": "sans-serif",
      }
    }
  >
    Component: PeterTest
  </h1>,
  <p
    style={
      Object {
        "color": "red",
        "fontFamily": "sans-serif",
      }
    }
  >
    Look Peter the component works!
  </p>,
  <p
    style={
      Object {
        "color": "red",
        "fontFamily": "sans-serif",
      }
    }
  >
    Look Peter the component works!
  </p>,
]
`;
