// Jest Snapshot v1, https://goo.gl/fbAQLP

exports[`+++ home renders correctly 1`] = `"<h1 style=\\"font-family: sans-serif;\\">Component: PeterTest</h1><p style=\\"color: blue; font-family: sans-serif;\\">Look Peter the component works!</p><p style=\\"color: blue; font-family: sans-serif;\\">Look Peter the component works!</p><p style=\\"color: blue; font-family: sans-serif;\\">Look Peter the component works!</p><p style=\\"color: blue; font-family: sans-serif;\\">Look Peter the component works!</p><p style=\\"color: blue; font-family: sans-serif;\\">Look Peter the component works!</p>"`;
